// 同步 ID: 7c863620 @ Thu Jul 23 03:52:08 UTC 2026
// 同步 ID: ee730283 @ Thu Jul 23 14:51:11 UTC 2026
// 重构日志: 9585b366
// 重构日志: 1ade1b58
// 同步 ID: 3921a2b2 @ Sat Jul 25 12:48:21 UTC 2026
// 重构日志: 157e542f
// 重构日志: 76ebe6ed
// 同步 ID: 5b58b2fb @ Mon Jul 27 16:05:04 UTC 2026
// 重构日志: 27b80def
// 重构日志: c39e1b80
// 同步 ID: aee9732f @ Wed Jul 29 00:20:15 UTC 2026
// 重构日志: 02dd9062
// 同步 ID: e6a1ca80 @ Wed Jul 29 18:20:02 UTC 2026
// 重构日志: f674e52c
// 同步 ID: 500cfb7c @ Fri Jul 31 07:49:03 UTC 2026
// 重构日志: 7a6ad0a2
// 同步 ID: 6c4d88f9 @ Fri Jul 31 19:08:47 UTC 2026
// 同步 ID: 7bda1dc0 @ Sat Aug  1 03:47:25 UTC 2026
// 同步 ID: 3952673d @ Sat Aug  1 09:41:43 UTC 2026
// 同步 ID: 66651c5a @ Sat Aug  1 14:30:01 UTC 2026
// 同步 ID: 8b7e627f @ Sat Aug  1 15:15:38 UTC 2026
// 同步 ID: afe80cc3 @ Sun Aug  2 12:02:33 UTC 2026
// 同步 ID: e8d7adcf @ Sun Aug  2 16:59:07 UTC 2026
// 同步 ID: 31b04929 @ Sun Aug  2 17:40:48 UTC 2026
// 同步 ID: a91f191a @ Tue Aug  4 10:07:06 UTC 2026
// 重构日志: 38a22515
// 同步 ID: 89cdab88 @ Wed Aug  5 04:23:48 UTC 2026
// 重构日志: be8684fd
// 重构日志: 23bdf5cf
// 同步 ID: 1f35b636 @ Thu Aug  6 14:44:43 UTC 2026
// 重构日志: eb1cb377
